2026-06-27T12:37:31.759-03:00  INFO 12436 --- [api] [main] c.raizesdonordeste.api.ApiApplication    : Starting ApiApplication using Java 25.0.3 with PID 12436 (C:\Users\tarci\OneDrive\Documentos\PROJETOS\Raízes do Nordeste\api\target\classes started by tarci in C:\Users\tarci\OneDrive\Documentos\PROJETOS\Raízes do Nordeste\api)
2026-06-27T12:37:31.762-03:00  INFO 12436 --- [api] [main] c.raizesdonordeste.api.ApiApplication    : The following 1 profile is active: "h2"
2026-06-27T12:37:32.917-03:00  INFO 12436 --- [api] [main] .s.d.r.c.RepositoryConfigurationDelegate : Bootstrapping Spring Data JPA repositories in DEFAULT mode.
2026-06-27T12:37:33.038-03:00  INFO 12436 --- [api] [main] .s.d.r.c.RepositoryConfigurationDelegate : Finished Spring Data repository scanning in 111 ms. Found 16 JPA repository interfaces.
2026-06-27T12:37:33.754-03:00  INFO 12436 --- [api] [main] o.s.boot.tomcat.TomcatWebServer          : Tomcat initialized with port 8080 (http)
2026-06-27T12:37:33.771-03:00  INFO 12436 --- [api] [main] o.apache.catalina.core.StandardService   : Starting service [Tomcat]
2026-06-27T12:37:33.772-03:00  INFO 12436 --- [api] [main] o.apache.catalina.core.StandardEngine    : Starting Servlet engine: [Apache Tomcat/11.0.21]
2026-06-27T12:37:33.851-03:00  INFO 12436 --- [api] [main] b.w.c.s.WebApplicationContextInitializer : Root WebApplicationContext: initialization completed in 2023 ms
2026-06-27T12:37:34.083-03:00  INFO 12436 --- [api] [main] com.zaxxer.hikari.HikariDataSource       : HikariPool-1 - Starting...
2026-06-27T12:37:34.309-03:00  INFO 12436 --- [api] [main] com.zaxxer.hikari.pool.HikariPool        : HikariPool-1 - Added connection conn0: url=jdbc:h2:mem:raizes_do_nordeste user=SA
2026-06-27T12:37:34.310-03:00  INFO 12436 --- [api] [main] com.zaxxer.hikari.HikariDataSource       : HikariPool-1 - Start completed.
2026-06-27T12:37:34.362-03:00  INFO 12436 --- [api] [main] org.flywaydb.core.FlywayExecutor         : Database: jdbc:h2:mem:raizes_do_nordeste (H2 2.4)
2026-06-27T12:37:34.369-03:00  WARN 12436 --- [api] [main] o.f.c.internal.database.base.Database    : Using H2 2.4.240 which is newer than the version Flyway has been verified with. The latest verified version of H2 is 2.3.232.
2026-06-27T12:37:34.401-03:00  INFO 12436 --- [api] [main] o.f.c.i.s.JdbcTableSchemaHistory         : Schema history table "PUBLIC"."flyway_schema_history" does not exist yet
2026-06-27T12:37:34.404-03:00  INFO 12436 --- [api] [main] o.f.core.internal.command.DbValidate     : Successfully validated 3 migrations (execution time 00:00.019s)
2026-06-27T12:37:34.411-03:00  INFO 12436 --- [api] [main] o.f.c.i.s.JdbcTableSchemaHistory         : Creating Schema History table "PUBLIC"."flyway_schema_history" ...
2026-06-27T12:37:34.441-03:00  INFO 12436 --- [api] [main] o.f.core.internal.command.DbMigrate      : Current version of schema "PUBLIC": << Empty Schema >>
2026-06-27T12:37:34.459-03:00  INFO 12436 --- [api] [main] o.f.core.internal.command.DbMigrate      : Migrating schema "PUBLIC" to version "1 - Criar Tabelas"
2026-06-27T12:37:34.515-03:00  INFO 12436 --- [api] [main] o.f.core.internal.command.DbMigrate      : Migrating schema "PUBLIC" to version "2 - Carga Inicial"
2026-06-27T12:37:34.526-03:00  INFO 12436 --- [api] [main] o.f.core.internal.command.DbMigrate      : Migrating schema "PUBLIC" to version "3 - Segunda Carga"
2026-06-27T12:37:34.533-03:00  INFO 12436 --- [api] [main] o.f.core.internal.command.DbMigrate      : Successfully applied 3 migrations to schema "PUBLIC", now at version v3 (execution time 00:00.053s)
2026-06-27T12:37:34.671-03:00  INFO 12436 --- [api] [main] org.hibernate.orm.jpa                    : HHH008540: Processing PersistenceUnitInfo [name: default]
2026-06-27T12:37:34.782-03:00  INFO 12436 --- [api] [main] org.hibernate.orm.core                   : HHH000001: Hibernate ORM core version 7.2.12.Final
2026-06-27T12:37:35.209-03:00  INFO 12436 --- [api] [main] o.s.o.j.p.SpringPersistenceUnitInfo      : No LoadTimeWeaver setup: ignoring JPA class transformer
2026-06-27T12:37:35.264-03:00  WARN 12436 --- [api] [main] org.hibernate.orm.deprecation            : HHH90000025: H2Dialect does not need to be specified explicitly using 'hibernate.dialect' (remove the property setting and it will be selected by default)
2026-06-27T12:37:35.279-03:00  INFO 12436 --- [api] [main] org.hibernate.orm.connections.pooling    : HHH10001005: Database info:
	Database JDBC URL [jdbc:h2:mem:raizes_do_nordeste]
	Database driver: H2 JDBC Driver
	Database dialect: H2Dialect
	Database version: 2.4.240
	Default catalog/schema: RAIZES_DO_NORDESTE/PUBLIC
	Autocommit mode: undefined/unknown
	Isolation level: READ_COMMITTED [default READ_COMMITTED]
	JDBC fetch size: 100
	Pool: DataSourceConnectionProvider
	Minimum pool size: undefined/unknown
	Maximum pool size: undefined/unknown
2026-06-27T12:37:36.379-03:00  INFO 12436 --- [api] [main] org.hibernate.orm.core                   : HHH000489: No JTA platform available (set 'hibernate.transaction.jta.platform' to enable JTA platform integration)
2026-06-27T12:37:36.385-03:00  INFO 12436 --- [api] [main] j.LocalContainerEntityManagerFactoryBean : Initialized JPA EntityManagerFactory for persistence unit 'default'
2026-06-27T12:37:36.456-03:00  INFO 12436 --- [api] [main] o.s.d.j.r.query.QueryEnhancerFactories   : Hibernate is in classpath; If applicable, HQL parser will be used.
2026-06-27T12:37:36.784-03:00  INFO 12436 --- [api] [main] r$InitializeUserDetailsManagerConfigurer : Global AuthenticationManager configured with UserDetailsService bean with name autenticacaoService
2026-06-27T12:37:37.024-03:00  WARN 12436 --- [api] [main] JpaBaseConfiguration$JpaWebConfiguration : spring.jpa.open-in-view is enabled by default. Therefore, database queries may be performed during view rendering. Explicitly configure spring.jpa.open-in-view to disable this warning
2026-06-27T12:37:38.108-03:00  INFO 12436 --- [api] [main] o.s.boot.tomcat.TomcatWebServer          : Tomcat started on port 8080 (http) with context path '/'
2026-06-27T12:37:38.114-03:00  INFO 12436 --- [api] [main] c.raizesdonordeste.api.ApiApplication    : Started ApiApplication in 6.848 seconds (process running for 7.276)
2026-06-27T12:37:38.117-03:00  WARN 12436 --- [api] [main] o.s.core.events.SpringDocAppInitializer  : SpringDoc /v3/api-docs endpoint is enabled by default. To disable it in production, set the property 'springdoc.api-docs.enabled=false'
2026-06-27T12:37:38.118-03:00  WARN 12436 --- [api] [main] o.s.core.events.SpringDocAppInitializer  : SpringDoc /swagger-ui.html endpoint is enabled by default. To disable it in production, set the property 'springdoc.swagger-ui.enabled=false'
2026-06-27T12:38:55.093-03:00  INFO 12436 --- [api] [http-nio-8080-exec-10] o.a.c.c.C.[Tomcat].[localhost].[/]       : Initializing Spring DispatcherServlet 'dispatcherServlet'
2026-06-27T12:38:55.093-03:00  INFO 12436 --- [api] [http-nio-8080-exec-10] o.s.web.servlet.DispatcherServlet        : Initializing Servlet 'dispatcherServlet'
2026-06-27T12:38:55.096-03:00  INFO 12436 --- [api] [http-nio-8080-exec-10] o.s.web.servlet.DispatcherServlet        : Completed initialization in 1 ms
2026-06-27T12:42:31.187-03:00  INFO 12436 --- [api] [http-nio-8080-exec-5] c.r.api.api.controller.AuthController    : [AUDITORIA] Autenticacao realizada com sucesso para o usuario 123.456.789-10
2026-06-27T12:47:15.996-03:00  INFO 12436 --- [api] [http-nio-8080-exec-4] c.r.api.application.PedidoService        : [AUDITORIA] Novo pedido criado. Codigo do Pedido 1 | Unidade ID 1 | Cliente ID 1 | Valor Total: R$ 45.00
2026-06-27T12:48:11.412-03:00  WARN 12436 --- [api] [http-nio-8080-exec-7] .w.s.m.s.DefaultHandlerExceptionResolver : Resolved [org.springframework.http.converter.HttpMessageNotReadableException: JSON parse error: Cannot coerce empty String ("") to `com.raizesdonordeste.api.domain.enuns.CanalOrigem` value (but could if coercion was enabled using `CoercionConfig`)]
2026-06-27T13:01:48.081-03:00  INFO 39444 --- [api] [main] c.raizesdonordeste.api.ApiApplication    : Starting ApiApplication using Java 25.0.3 with PID 39444 (C:\Users\tarci\OneDrive\Documentos\PROJETOS\Raízes do Nordeste\api\target\classes started by tarci in C:\Users\tarci\OneDrive\Documentos\PROJETOS\Raízes do Nordeste\api)
2026-06-27T13:01:48.085-03:00  INFO 39444 --- [api] [main] c.raizesdonordeste.api.ApiApplication    : The following 1 profile is active: "h2"
2026-06-27T13:01:49.040-03:00  INFO 39444 --- [api] [main] .s.d.r.c.RepositoryConfigurationDelegate : Bootstrapping Spring Data JPA repositories in DEFAULT mode.
2026-06-27T13:01:49.139-03:00  INFO 39444 --- [api] [main] .s.d.r.c.RepositoryConfigurationDelegate : Finished Spring Data repository scanning in 91 ms. Found 16 JPA repository interfaces.
2026-06-27T13:01:49.784-03:00  INFO 39444 --- [api] [main] o.s.boot.tomcat.TomcatWebServer          : Tomcat initialized with port 8080 (http)
2026-06-27T13:01:49.802-03:00  INFO 39444 --- [api] [main] o.apache.catalina.core.StandardService   : Starting service [Tomcat]
2026-06-27T13:01:49.802-03:00  INFO 39444 --- [api] [main] o.apache.catalina.core.StandardEngine    : Starting Servlet engine: [Apache Tomcat/11.0.21]
2026-06-27T13:01:49.868-03:00  INFO 39444 --- [api] [main] b.w.c.s.WebApplicationContextInitializer : Root WebApplicationContext: initialization completed in 1735 ms
2026-06-27T13:01:50.078-03:00  INFO 39444 --- [api] [main] com.zaxxer.hikari.HikariDataSource       : HikariPool-1 - Starting...
2026-06-27T13:01:50.283-03:00  INFO 39444 --- [api] [main] com.zaxxer.hikari.pool.HikariPool        : HikariPool-1 - Added connection conn0: url=jdbc:h2:mem:raizes_do_nordeste user=SA
2026-06-27T13:01:50.285-03:00  INFO 39444 --- [api] [main] com.zaxxer.hikari.HikariDataSource       : HikariPool-1 - Start completed.
2026-06-27T13:01:50.334-03:00  INFO 39444 --- [api] [main] org.flywaydb.core.FlywayExecutor         : Database: jdbc:h2:mem:raizes_do_nordeste (H2 2.4)
2026-06-27T13:01:50.340-03:00  WARN 39444 --- [api] [main] o.f.c.internal.database.base.Database    : Using H2 2.4.240 which is newer than the version Flyway has been verified with. The latest verified version of H2 is 2.3.232.
2026-06-27T13:01:50.368-03:00  INFO 39444 --- [api] [main] o.f.c.i.s.JdbcTableSchemaHistory         : Schema history table "PUBLIC"."flyway_schema_history" does not exist yet
2026-06-27T13:01:50.371-03:00  INFO 39444 --- [api] [main] o.f.core.internal.command.DbValidate     : Successfully validated 3 migrations (execution time 00:00.015s)
2026-06-27T13:01:50.377-03:00  INFO 39444 --- [api] [main] o.f.c.i.s.JdbcTableSchemaHistory         : Creating Schema History table "PUBLIC"."flyway_schema_history" ...
2026-06-27T13:01:50.402-03:00  INFO 39444 --- [api] [main] o.f.core.internal.command.DbMigrate      : Current version of schema "PUBLIC": << Empty Schema >>
2026-06-27T13:01:50.419-03:00  INFO 39444 --- [api] [main] o.f.core.internal.command.DbMigrate      : Migrating schema "PUBLIC" to version "1 - Criar Tabelas"
2026-06-27T13:01:50.466-03:00  INFO 39444 --- [api] [main] o.f.core.internal.command.DbMigrate      : Migrating schema "PUBLIC" to version "2 - Carga Inicial"
2026-06-27T13:01:50.483-03:00  INFO 39444 --- [api] [main] o.f.core.internal.command.DbMigrate      : Migrating schema "PUBLIC" to version "3 - Segunda Carga"
2026-06-27T13:01:50.492-03:00  INFO 39444 --- [api] [main] o.f.core.internal.command.DbMigrate      : Successfully applied 3 migrations to schema "PUBLIC", now at version v3 (execution time 00:00.048s)
2026-06-27T13:01:50.600-03:00  INFO 39444 --- [api] [main] org.hibernate.orm.jpa                    : HHH008540: Processing PersistenceUnitInfo [name: default]
2026-06-27T13:01:50.678-03:00  INFO 39444 --- [api] [main] org.hibernate.orm.core                   : HHH000001: Hibernate ORM core version 7.2.12.Final
2026-06-27T13:01:51.051-03:00  INFO 39444 --- [api] [main] o.s.o.j.p.SpringPersistenceUnitInfo      : No LoadTimeWeaver setup: ignoring JPA class transformer
2026-06-27T13:01:51.102-03:00  WARN 39444 --- [api] [main] org.hibernate.orm.deprecation            : HHH90000025: H2Dialect does not need to be specified explicitly using 'hibernate.dialect' (remove the property setting and it will be selected by default)
2026-06-27T13:01:51.114-03:00  INFO 39444 --- [api] [main] org.hibernate.orm.connections.pooling    : HHH10001005: Database info:
	Database JDBC URL [jdbc:h2:mem:raizes_do_nordeste]
	Database driver: H2 JDBC Driver
	Database dialect: H2Dialect
	Database version: 2.4.240
	Default catalog/schema: RAIZES_DO_NORDESTE/PUBLIC
	Autocommit mode: undefined/unknown
	Isolation level: READ_COMMITTED [default READ_COMMITTED]
	JDBC fetch size: 100
	Pool: DataSourceConnectionProvider
	Minimum pool size: undefined/unknown
	Maximum pool size: undefined/unknown
2026-06-27T13:01:52.196-03:00  INFO 39444 --- [api] [main] org.hibernate.orm.core                   : HHH000489: No JTA platform available (set 'hibernate.transaction.jta.platform' to enable JTA platform integration)
2026-06-27T13:01:52.204-03:00  INFO 39444 --- [api] [main] j.LocalContainerEntityManagerFactoryBean : Initialized JPA EntityManagerFactory for persistence unit 'default'
2026-06-27T13:01:52.262-03:00  INFO 39444 --- [api] [main] o.s.d.j.r.query.QueryEnhancerFactories   : Hibernate is in classpath; If applicable, HQL parser will be used.
2026-06-27T13:01:52.577-03:00  INFO 39444 --- [api] [main] r$InitializeUserDetailsManagerConfigurer : Global AuthenticationManager configured with UserDetailsService bean with name autenticacaoService
2026-06-27T13:01:52.807-03:00  WARN 39444 --- [api] [main] JpaBaseConfiguration$JpaWebConfiguration : spring.jpa.open-in-view is enabled by default. Therefore, database queries may be performed during view rendering. Explicitly configure spring.jpa.open-in-view to disable this warning
2026-06-27T13:01:53.789-03:00  INFO 39444 --- [api] [main] o.s.boot.tomcat.TomcatWebServer          : Tomcat started on port 8080 (http) with context path '/'
2026-06-27T13:01:53.795-03:00  INFO 39444 --- [api] [main] c.raizesdonordeste.api.ApiApplication    : Started ApiApplication in 6.15 seconds (process running for 6.556)
2026-06-27T13:01:53.801-03:00  WARN 39444 --- [api] [main] o.s.core.events.SpringDocAppInitializer  : SpringDoc /v3/api-docs endpoint is enabled by default. To disable it in production, set the property 'springdoc.api-docs.enabled=false'
2026-06-27T13:01:53.801-03:00  WARN 39444 --- [api] [main] o.s.core.events.SpringDocAppInitializer  : SpringDoc /swagger-ui.html endpoint is enabled by default. To disable it in production, set the property 'springdoc.swagger-ui.enabled=false'
2026-06-27T13:03:53.912-03:00  INFO 39444 --- [api] [http-nio-8080-exec-1] o.a.c.c.C.[Tomcat].[localhost].[/]       : Initializing Spring DispatcherServlet 'dispatcherServlet'
2026-06-27T13:03:53.913-03:00  INFO 39444 --- [api] [http-nio-8080-exec-1] o.s.web.servlet.DispatcherServlet        : Initializing Servlet 'dispatcherServlet'
2026-06-27T13:03:53.920-03:00  INFO 39444 --- [api] [http-nio-8080-exec-1] o.s.web.servlet.DispatcherServlet        : Completed initialization in 7 ms
2026-06-27T13:04:02.814-03:00  INFO 39444 --- [api] [http-nio-8080-exec-2] c.r.api.api.controller.AuthController    : [AUDITORIA] Autenticacao realizada com sucesso para o usuario 123.456.789-10
2026-06-27T13:04:48.806-03:00  INFO 39444 --- [api] [http-nio-8080-exec-6] c.r.api.application.PedidoService        : [AUDITORIA] Novo pedido criado. Codigo do Pedido 1 | Unidade ID 1 | Cliente ID 1 | Valor Total: R$ 45.00
2026-06-27T13:04:59.879-03:00  WARN 39444 --- [api] [http-nio-8080-exec-10] .w.s.m.s.DefaultHandlerExceptionResolver : Resolved [org.springframework.http.converter.HttpMessageNotReadableException: JSON parse error: Cannot coerce empty String ("") to `com.raizesdonordeste.api.domain.enuns.CanalOrigem` value (but could if coercion was enabled using `CoercionConfig`)]
2026-06-27T13:07:59.668-03:00  WARN 39444 --- [api] [http-nio-8080-exec-4] c.r.api.application.PedidoService        : [AUDITORIA] Pedido ID 1 foi CANCELADO pelo Usuario ID 1
2026-06-27T13:21:41.183-03:00  INFO 39444 --- [api] [http-nio-8080-exec-8] c.r.api.api.controller.AuthController    : [AUDITORIA] Autenticacao realizada com sucesso para o usuario 123.456.789-11
